C:/Users/Matthieu/STM32CubeIDE/workspace_1.18.0/MyApplication_4/Core/Src/main.c:1270:6:StartDefaultTask	8	static
C:/Users/Matthieu/STM32CubeIDE/workspace_1.18.0/MyApplication_4/Core/Src/main.c:182:1:__io_putchar	16	static
C:/Users/Matthieu/STM32CubeIDE/workspace_1.18.0/MyApplication_4/Core/Src/main.c:188:1:__io_getchar	16	static
C:/Users/Matthieu/STM32CubeIDE/workspace_1.18.0/MyApplication_4/Core/Src/main.c:343:6:SystemClock_Config	88	static
C:/Users/Matthieu/STM32CubeIDE/workspace_1.18.0/MyApplication_4/Core/Src/main.c:1086:6:GetManufacturerId	72	static
C:/Users/Matthieu/STM32CubeIDE/workspace_1.18.0/MyApplication_4/Core/Src/main.c:1116:6:EnableMemoryMappedMode	72	static
C:/Users/Matthieu/STM32CubeIDE/workspace_1.18.0/MyApplication_4/Core/Src/main.c:208:5:main	160	static,ignoring_inline_asm
C:/Users/Matthieu/STM32CubeIDE/workspace_1.18.0/MyApplication_4/Core/Src/main.c:1147:10:TEMP_SENSOR_GetValue	8	static
C:/Users/Matthieu/STM32CubeIDE/workspace_1.18.0/MyApplication_4/Core/Src/main.c:1153:10:HUMI_SENSOR_GetValue	8	static
C:/Users/Matthieu/STM32CubeIDE/workspace_1.18.0/MyApplication_4/Core/Src/main.c:1159:10:ACCEL_SENSOR_GetValue	24	static
C:/Users/Matthieu/STM32CubeIDE/workspace_1.18.0/MyApplication_4/Core/Src/main.c:1168:6:delay_us	0	static
C:/Users/Matthieu/STM32CubeIDE/workspace_1.18.0/MyApplication_4/Core/Src/main.c:1175:10:ALARME_SENSOR_GetValue	8	static
C:/Users/Matthieu/STM32CubeIDE/workspace_1.18.0/MyApplication_4/Core/Src/main.c:1185:6:HAL_TIM_IC_CaptureCallback	16	static
C:/Users/Matthieu/STM32CubeIDE/workspace_1.18.0/MyApplication_4/Core/Src/main.c:1224:10:MESURE_DISTANCE	8	static
C:/Users/Matthieu/STM32CubeIDE/workspace_1.18.0/MyApplication_4/Core/Src/main.c:1245:6:Servo_SetAngle	0	static
C:/Users/Matthieu/STM32CubeIDE/workspace_1.18.0/MyApplication_4/Core/Src/main.c:1331:6:HAL_TIM_PeriodElapsedCallback	0	static
C:/Users/Matthieu/STM32CubeIDE/workspace_1.18.0/MyApplication_4/Core/Src/main.c:1348:6:Error_Handler	0	static
