C:/Users/Matthieu/STM32CubeIDE/workspace_1.18.0/MyApplication_4/Core/Src/main.c:1270:6:StartDefaultTask	2
C:/Users/Matthieu/STM32CubeIDE/workspace_1.18.0/MyApplication_4/Core/Src/main.c:182:1:__io_putchar	1
C:/Users/Matthieu/STM32CubeIDE/workspace_1.18.0/MyApplication_4/Core/Src/main.c:188:1:__io_getchar	1
C:/Users/Matthieu/STM32CubeIDE/workspace_1.18.0/MyApplication_4/Core/Src/main.c:343:6:SystemClock_Config	1
C:/Users/Matthieu/STM32CubeIDE/workspace_1.18.0/MyApplication_4/Core/Src/main.c:1086:6:GetManufacturerId	1
C:/Users/Matthieu/STM32CubeIDE/workspace_1.18.0/MyApplication_4/Core/Src/main.c:1116:6:EnableMemoryMappedMode	1
C:/Users/Matthieu/STM32CubeIDE/workspace_1.18.0/MyApplication_4/Core/Src/main.c:208:5:main	5
C:/Users/Matthieu/STM32CubeIDE/workspace_1.18.0/MyApplication_4/Core/Src/main.c:1147:10:TEMP_SENSOR_GetValue	1
C:/Users/Matthieu/STM32CubeIDE/workspace_1.18.0/MyApplication_4/Core/Src/main.c:1153:10:HUMI_SENSOR_GetValue	1
C:/Users/Matthieu/STM32CubeIDE/workspace_1.18.0/MyApplication_4/Core/Src/main.c:1159:10:ACCEL_SENSOR_GetValue	1
C:/Users/Matthieu/STM32CubeIDE/workspace_1.18.0/MyApplication_4/Core/Src/main.c:1168:6:delay_us	2
C:/Users/Matthieu/STM32CubeIDE/workspace_1.18.0/MyApplication_4/Core/Src/main.c:1175:10:ALARME_SENSOR_GetValue	2
C:/Users/Matthieu/STM32CubeIDE/workspace_1.18.0/MyApplication_4/Core/Src/main.c:1185:6:HAL_TIM_IC_CaptureCallback	6
C:/Users/Matthieu/STM32CubeIDE/workspace_1.18.0/MyApplication_4/Core/Src/main.c:1224:10:MESURE_DISTANCE	1
C:/Users/Matthieu/STM32CubeIDE/workspace_1.18.0/MyApplication_4/Core/Src/main.c:1245:6:Servo_SetAngle	7
C:/Users/Matthieu/STM32CubeIDE/workspace_1.18.0/MyApplication_4/Core/Src/main.c:1331:6:HAL_TIM_PeriodElapsedCallback	2
C:/Users/Matthieu/STM32CubeIDE/workspace_1.18.0/MyApplication_4/Core/Src/main.c:1348:6:Error_Handler	1
