C:/Users/Matthieu/STM32CubeIDE/workspace_1.18.0/MyApplication_4/Core/Src/stm32f7xx_hal_msp.c:66:6:HAL_MspInit	8	static
C:/Users/Matthieu/STM32CubeIDE/workspace_1.18.0/MyApplication_4/Core/Src/stm32f7xx_hal_msp.c:91:6:HAL_CRC_MspInit	8	static
C:/Users/Matthieu/STM32CubeIDE/workspace_1.18.0/MyApplication_4/Core/Src/stm32f7xx_hal_msp.c:114:6:HAL_CRC_MspDeInit	0	static
C:/Users/Matthieu/STM32CubeIDE/workspace_1.18.0/MyApplication_4/Core/Src/stm32f7xx_hal_msp.c:136:6:HAL_DMA2D_MspInit	16	static
C:/Users/Matthieu/STM32CubeIDE/workspace_1.18.0/MyApplication_4/Core/Src/stm32f7xx_hal_msp.c:162:6:HAL_DMA2D_MspDeInit	0	static
C:/Users/Matthieu/STM32CubeIDE/workspace_1.18.0/MyApplication_4/Core/Src/stm32f7xx_hal_msp.c:187:6:HAL_I2C_MspInit	168	static
C:/Users/Matthieu/STM32CubeIDE/workspace_1.18.0/MyApplication_4/Core/Src/stm32f7xx_hal_msp.c:234:6:HAL_I2C_MspDeInit	8	static
C:/Users/Matthieu/STM32CubeIDE/workspace_1.18.0/MyApplication_4/Core/Src/stm32f7xx_hal_msp.c:265:6:HAL_LTDC_MspInit	192	static
C:/Users/Matthieu/STM32CubeIDE/workspace_1.18.0/MyApplication_4/Core/Src/stm32f7xx_hal_msp.c:383:6:HAL_LTDC_MspDeInit	8	static
C:/Users/Matthieu/STM32CubeIDE/workspace_1.18.0/MyApplication_4/Core/Src/stm32f7xx_hal_msp.c:452:6:HAL_QSPI_MspInit	64	static
C:/Users/Matthieu/STM32CubeIDE/workspace_1.18.0/MyApplication_4/Core/Src/stm32f7xx_hal_msp.c:516:6:HAL_QSPI_MspDeInit	8	static
C:/Users/Matthieu/STM32CubeIDE/workspace_1.18.0/MyApplication_4/Core/Src/stm32f7xx_hal_msp.c:553:6:HAL_TIM_PWM_MspInit	24	static
C:/Users/Matthieu/STM32CubeIDE/workspace_1.18.0/MyApplication_4/Core/Src/stm32f7xx_hal_msp.c:611:6:HAL_TIM_IC_MspInit	40	static
C:/Users/Matthieu/STM32CubeIDE/workspace_1.18.0/MyApplication_4/Core/Src/stm32f7xx_hal_msp.c:644:6:HAL_TIM_MspPostInit	48	static
C:/Users/Matthieu/STM32CubeIDE/workspace_1.18.0/MyApplication_4/Core/Src/stm32f7xx_hal_msp.c:738:6:HAL_TIM_PWM_MspDeInit	0	static
C:/Users/Matthieu/STM32CubeIDE/workspace_1.18.0/MyApplication_4/Core/Src/stm32f7xx_hal_msp.c:796:6:HAL_TIM_IC_MspDeInit	8	static
C:/Users/Matthieu/STM32CubeIDE/workspace_1.18.0/MyApplication_4/Core/Src/stm32f7xx_hal_msp.c:826:6:HAL_UART_MspInit	192	static
C:/Users/Matthieu/STM32CubeIDE/workspace_1.18.0/MyApplication_4/Core/Src/stm32f7xx_hal_msp.c:882:6:HAL_UART_MspDeInit	8	static
C:/Users/Matthieu/STM32CubeIDE/workspace_1.18.0/MyApplication_4/Core/Src/stm32f7xx_hal_msp.c:1015:6:HAL_SDRAM_MspInit	48	static
C:/Users/Matthieu/STM32CubeIDE/workspace_1.18.0/MyApplication_4/Core/Src/stm32f7xx_hal_msp.c:1101:6:HAL_SDRAM_MspDeInit	8	static
