../../TouchGFX/gui/include/gui/model/ModelListener.hpp:18:18:virtual void ModelListener::newJunctionTempValue(int)	0	static
../../TouchGFX/gui/include/gui/model/ModelListener.hpp:19:18:virtual void ModelListener::newJunctionHumiValue(int)	0	static
../../TouchGFX/gui/include/gui/model/ModelListener.hpp:20:18:virtual void ModelListener::newJunctionAccelValue(int)	0	static
../../TouchGFX/gui/include/gui/alarme_screen/AlarmePresenter.hpp:19:13:AlarmePresenter::~AlarmePresenter()	0	static
C:/Users/Matthieu/STM32CubeIDE/workspace_1.18.0/MyApplication_4/TouchGFX/gui/src/alarme_screen/AlarmePresenter.cpp:16:6:virtual void AlarmePresenter::deactivate()	0	static
C:/Users/Matthieu/STM32CubeIDE/workspace_1.18.0/MyApplication_4/TouchGFX/gui/src/alarme_screen/AlarmePresenter.cpp:21:6:virtual void AlarmePresenter::newJunctionPosiValue(int)	0	static
C:/Users/Matthieu/STM32CubeIDE/workspace_1.18.0/MyApplication_4/TouchGFX/gui/src/alarme_screen/AlarmePresenter.cpp:26:6:virtual void AlarmePresenter::newJunctionDistValue(int)	0	static
../../TouchGFX/gui/include/gui/alarme_screen/AlarmePresenter.hpp:19:13:virtual AlarmePresenter::~AlarmePresenter()	8	static
C:/Users/Matthieu/STM32CubeIDE/workspace_1.18.0/MyApplication_4/TouchGFX/gui/src/alarme_screen/AlarmePresenter.cpp:10:6:virtual void AlarmePresenter::activate()	8	static
../../TouchGFX/gui/include/gui/alarme_screen/AlarmePresenter.hpp:19:13:virtual void* AlarmePresenter::_ZThn4_N15AlarmePresenterD1Ev()	0	static
C:/Users/Matthieu/STM32CubeIDE/workspace_1.18.0/MyApplication_4/TouchGFX/gui/src/alarme_screen/AlarmePresenter.cpp:4:1:AlarmePresenter::AlarmePresenter(AlarmeView&)	0	static
