../../TouchGFX/gui/include/gui/model/ModelListener.hpp:18:18:virtual void ModelListener::newJunctionTempValue(int)	0	static
../../TouchGFX/gui/include/gui/model/ModelListener.hpp:19:18:virtual void ModelListener::newJunctionHumiValue(int)	0	static
../../TouchGFX/gui/include/gui/model/ModelListener.hpp:20:18:virtual void ModelListener::newJunctionAccelValue(int)	0	static
../../TouchGFX/gui/include/gui/model/ModelListener.hpp:21:18:virtual void ModelListener::newJunctionPosiValue(int)	0	static
../../TouchGFX/gui/include/gui/model/ModelListener.hpp:22:18:virtual void ModelListener::newJunctionDistValue(int)	0	static
../../TouchGFX/gui/include/gui/main_screen/MainPresenter.hpp:18:13:MainPresenter::~MainPresenter()	0	static
C:/Users/Matthieu/STM32CubeIDE/workspace_1.18.0/MyApplication_4/TouchGFX/gui/src/main_screen/MainPresenter.cpp:9:6:virtual void MainPresenter::activate()	0	static
../../TouchGFX/gui/include/gui/main_screen/MainPresenter.hpp:18:13:virtual MainPresenter::~MainPresenter()	8	static
../../TouchGFX/gui/include/gui/main_screen/MainPresenter.hpp:18:13:virtual void* MainPresenter::_ZThn4_N13MainPresenterD1Ev()	0	static
C:/Users/Matthieu/STM32CubeIDE/workspace_1.18.0/MyApplication_4/TouchGFX/gui/src/main_screen/MainPresenter.cpp:4:1:MainPresenter::MainPresenter(MainView&)	0	static
