../../TouchGFX/gui/include/gui/model/ModelListener.hpp:21:18:virtual void ModelListener::newJunctionPosiValue(int)	0	static
../../TouchGFX/gui/include/gui/model/ModelListener.hpp:22:18:virtual void ModelListener::newJunctionDistValue(int)	0	static
../../TouchGFX/gui/include/gui/meteo_screen/MeteoPresenter.hpp:19:13:MeteoPresenter::~MeteoPresenter()	0	static
C:/Users/Matthieu/STM32CubeIDE/workspace_1.18.0/MyApplication_4/TouchGFX/gui/src/meteo_screen/MeteoPresenter.cpp:17:6:virtual void MeteoPresenter::deactivate()	0	static
../../TouchGFX/gui/include/gui/meteo_screen/MeteoPresenter.hpp:19:13:virtual MeteoPresenter::~MeteoPresenter()	8	static
C:/Users/Matthieu/STM32CubeIDE/workspace_1.18.0/MyApplication_4/TouchGFX/gui/src/meteo_screen/MeteoPresenter.cpp:9:6:virtual void MeteoPresenter::activate()	8	static
C:/Users/Matthieu/STM32CubeIDE/workspace_1.18.0/MyApplication_4/TouchGFX/gui/src/meteo_screen/MeteoPresenter.cpp:21:6:virtual void MeteoPresenter::newJunctionTempValue(int)	0	static
C:/Users/Matthieu/STM32CubeIDE/workspace_1.18.0/MyApplication_4/TouchGFX/gui/src/meteo_screen/MeteoPresenter.cpp:26:6:virtual void MeteoPresenter::newJunctionHumiValue(int)	0	static
C:/Users/Matthieu/STM32CubeIDE/workspace_1.18.0/MyApplication_4/TouchGFX/gui/src/meteo_screen/MeteoPresenter.cpp:31:6:virtual void MeteoPresenter::newJunctionAccelValue(int)	0	static
../../TouchGFX/gui/include/gui/meteo_screen/MeteoPresenter.hpp:19:13:virtual void* MeteoPresenter::_ZThn4_N14MeteoPresenterD1Ev()	0	static
C:/Users/Matthieu/STM32CubeIDE/workspace_1.18.0/MyApplication_4/TouchGFX/gui/src/meteo_screen/MeteoPresenter.cpp:4:1:MeteoPresenter::MeteoPresenter(MeteoView&)	0	static
